Standard Commons Logging discovery in action with spring-jcl: please remove commons-logging.jar from classpath in order to avoid potential conflicts

  .   ____          _            __ _ _
 /\\ / ___'_ __ _ _(_)_ __  __ _ \ \ \ \
( ( )\___ | '_ | '_| | '_ \/ _` | \ \ \ \
 \\/  ___)| |_)| | | | | || (_| |  ) ) ) )
  '  |____| .__|_| |_|_| |_\__, | / / / /
 =========|_|==============|___/=/_/_/_/
[32m :: Spring Boot :: [39m              [2m (v3.2.2)[0;39m

[2m2025-10-16T10:33:16.854+08:00[0;39m [32m INFO[0;39m [35m48042[0;39m [2m---[0;39m [2m[genie-backend] [           main][0;39m [2m[0;39m[36mcom.jd.genie.GenieApplication           [0;39m [2m:[0;39m Starting GenieApplication v0.0.1-SNAPSHOT using Java 23.0.2 with PID 48042 (/Users/nakkurusu/Dev/test/joyagent-jdgenie/genie-backend/target/genie-backend/lib/genie-backend-0.0.1-SNAPSHOT.jar started by nakkurusu in /Users/nakkurusu/Dev/test/joyagent-jdgenie/genie-backend)
[2m2025-10-16T10:33:16.855+08:00[0;39m [32m INFO[0;39m [35m48042[0;39m [2m---[0;39m [2m[genie-backend] [           main][0;39m [2m[0;39m[36mcom.jd.genie.GenieApplication           [0;39m [2m:[0;39m No active profile set, falling back to 1 default profile: "default"
[2m2025-10-16T10:33:17.348+08:00[0;39m [32m INFO[0;39m [35m48042[0;39m [2m---[0;39m [2m[genie-backend] [           main][0;39m [2m[0;39m[36mo.s.b.w.embedded.tomcat.TomcatWebServer [0;39m [2m:[0;39m Tomcat initialized with port 8080 (http)
[2m2025-10-16T10:33:17.353+08:00[0;39m [32m INFO[0;39m [35m48042[0;39m [2m---[0;39m [2m[genie-backend] [           main][0;39m [2m[0;39m[36mo.apache.catalina.core.StandardService  [0;39m [2m:[0;39m Starting service [Tomcat]
[2m2025-10-16T10:33:17.354+08:00[0;39m [32m INFO[0;39m [35m48042[0;39m [2m---[0;39m [2m[genie-backend] [           main][0;39m [2m[0;39m[36mo.apache.catalina.core.StandardEngine   [0;39m [2m:[0;39m Starting Servlet engine: [Apache Tomcat/10.1.18]
[2m2025-10-16T10:33:17.379+08:00[0;39m [32m INFO[0;39m [35m48042[0;39m [2m---[0;39m [2m[genie-backend] [           main][0;39m [2m[0;39m[36mo.a.c.c.C.[Tomcat].[localhost].[/]      [0;39m [2m:[0;39m Initializing Spring embedded WebApplicationContext
[2m2025-10-16T10:33:17.379+08:00[0;39m [32m INFO[0;39m [35m48042[0;39m [2m---[0;39m [2m[genie-backend] [           main][0;39m [2m[0;39m[36mw.s.c.ServletWebServerApplicationContext[0;39m [2m:[0;39m Root WebApplicationContext: initialization completed in 502 ms
Standard Commons Logging discovery in action with spring-jcl: please remove commons-logging.jar from classpath in order to avoid potential conflicts
[2m2025-10-16T10:33:17.396+08:00[0;39m [32m INFO[0;39m [35m48042[0;39m [2m---[0;39m [2m[genie-backend] [           main][0;39m [2m[0;39m[36mcom.zaxxer.hikari.HikariDataSource      [0;39m [2m:[0;39m HikariPool-1 - Starting...
[2m2025-10-16T10:33:17.484+08:00[0;39m [32m INFO[0;39m [35m48042[0;39m [2m---[0;39m [2m[genie-backend] [           main][0;39m [2m[0;39m[36mcom.zaxxer.hikari.HikariDataSource      [0;39m [2m:[0;39m HikariPool-1 - Start completed.
[2m2025-10-16T10:33:17.491+08:00[0;39m [32m INFO[0;39m [35m48042[0;39m [2m---[0;39m [2m[genie-backend] [           main][0;39m [2m[0;39m[36mcom.zaxxer.hikari.HikariDataSource      [0;39m [2m:[0;39m HikariPool-2 - Starting...
[2m2025-10-16T10:33:17.560+08:00[0;39m [32m INFO[0;39m [35m48042[0;39m [2m---[0;39m [2m[genie-backend] [           main][0;39m [2m[0;39m[36mcom.zaxxer.hikari.HikariDataSource      [0;39m [2m:[0;39m HikariPool-2 - Start completed.
[2m2025-10-16T10:33:17.560+08:00[0;39m [32m INFO[0;39m [35m48042[0;39m [2m---[0;39m [2m[genie-backend] [           main][0;39m [2m[0;39m[36mo.s.b.a.h2.H2ConsoleAutoConfiguration   [0;39m [2m:[0;39m H2 console available at '/h2-console'. Databases available at 'jdbc:h2:mem:genie', 'jdbc:mysql://127.0.0.1:3306/genie?useUnicode=true&useSSL=false&serverTimezone=Asia/Shanghai&allowPublicKeyRetrieval=true'
 _ _   |_  _ _|_. ___ _ |    _ 
| | |\/|_)(_| | |_\  |_)||_|_\ 
     /               |         
                        3.5.14 
[2m2025-10-16T10:33:18.287+08:00[0;39m [32m INFO[0;39m [35m48042[0;39m [2m---[0;39m [2m[genie-backend] [           main][0;39m [2m[0;39m[36mm.e.s.MybatisPlusApplicationContextAware[0;39m [2m:[0;39m Register ApplicationContext instances org.springframework.boot.web.servlet.context.AnnotationConfigServletWebServerApplicationContext@79351f41
[2m2025-10-16T10:33:18.366+08:00[0;39m [32m INFO[0;39m [35m48042[0;39m [2m---[0;39m [2m[genie-backend] [           main][0;39m [2m[0;39m[36mo.s.b.w.embedded.tomcat.TomcatWebServer [0;39m [2m:[0;39m Tomcat started on port 8080 (http) with context path ''
[2m2025-10-16T10:33:18.371+08:00[0;39m [32m INFO[0;39m [35m48042[0;39m [2m---[0;39m [2m[genie-backend] [           main][0;39m [2m[0;39m[36mcom.jd.genie.GenieApplication           [0;39m [2m:[0;39m Started GenieApplication in 1.675 seconds (process running for 1.826)
[MysqlToH2MergeRunner] Create H2 table: courses
[MysqlToH2MergeRunner] Copy data: courses
[MysqlToH2MergeRunner] Create H2 table: enrollments
[MysqlToH2MergeRunner] Copy data: enrollments
[MysqlToH2MergeRunner] Create H2 table: instructors
[MysqlToH2MergeRunner] Copy data: instructors
[MysqlToH2MergeRunner] Create H2 table: lessons
[MysqlToH2MergeRunner] Copy data: lessons
[MysqlToH2MergeRunner] Create H2 table: payments
[MysqlToH2MergeRunner] Copy data: payments
[MysqlToH2MergeRunner] Create H2 table: progress
[MysqlToH2MergeRunner] Copy data: progress
[MysqlToH2MergeRunner] Create H2 table: students
[MysqlToH2MergeRunner] Copy data: students
[MysqlToH2MergeRunner] Done
[AutoRegisterMergedTables] registered model for table: courses
[AutoRegisterMergedTables] registered model for table: enrollments
[AutoRegisterMergedTables] registered model for table: instructors
[AutoRegisterMergedTables] registered model for table: lessons
[AutoRegisterMergedTables] registered model for table: payments
[AutoRegisterMergedTables] registered model for table: progress
[AutoRegisterMergedTables] registered model for table: students
[2m2025-10-16T10:33:18.460+08:00[0;39m [32m INFO[0;39m [35m48042[0;39m [2m---[0;39m [2m[genie-backend] [           main][0;39m [2m[0;39m[36mc.jd.genie.config.DataAgentInitRunner   [0;39m [2m:[0;39m dataAgent config:DataAgentConfig(agentUrl=http://127.0.0.1:1601, modelList=[DataAgentModelConfig(name=超市销售明细数据, id=t_qtpbgamccmrctthlurauclckq, type=table, content=sales_data, remark=超市销售明细数据, businessPrompt=order_date为日维度数据，如果统计月份要使用FORMATDATETIME(`order_date`, 'yyyy-MM'), ignoreFields=, defaultRecallFields=, analyzeSuggestFields=, analyzeForbidFields=row_id, syncValueFields=customer_name,product_name, columnAliasMap={"order_date":"销售日期,下单日期"}), DataAgentModelConfig(name=商品采购信息, id=t_uegarulwipfivhutcvyawaoex, type=sql, content=select  `order_date` as `采购日期`,product_id as `商品ID`,product_name as `商品名称`,category as `商品类型`,sub_category as `商品子类型` , quantity as `采购量` , sales as `采购总价格` from sales_data, remark=包含商品采购日期，商品类型，商品子类型，采购数量量以及采购总价格等信息, businessPrompt=采购日期为日维度数据，如果统计月份要使用FORMATDATETIME(`采购日期`, 'yyyy-MM'), ignoreFields=, defaultRecallFields=, analyzeSuggestFields=, analyzeForbidFields=, syncValueFields=商品名称, columnAliasMap=), DataAgentModelConfig(name=courses（合并表）, id=t_autoreg_courses, type=table, content=courses, remark=Auto-registered from MySQL merge at startup, businessPrompt=null, ignoreFields=null, defaultRecallFields=null, analyzeSuggestFields=null, analyzeForbidFields=null, syncValueFields=null, columnAliasMap=null), DataAgentModelConfig(name=enrollments（合并表）, id=t_autoreg_enrollments, type=table, content=enrollments, remark=Auto-registered from MySQL merge at startup, businessPrompt=null, ignoreFields=null, defaultRecallFields=null, analyzeSuggestFields=null, analyzeForbidFields=null, syncValueFields=null, columnAliasMap=null), DataAgentModelConfig(name=instructors（合并表）, id=t_autoreg_instructors, type=table, content=instructors, remark=Auto-registered from MySQL merge at startup, businessPrompt=null, ignoreFields=null, defaultRecallFields=null, analyzeSuggestFields=null, analyzeForbidFields=null, syncValueFields=null, columnAliasMap=null), DataAgentModelConfig(name=lessons（合并表）, id=t_autoreg_lessons, type=table, content=lessons, remark=Auto-registered from MySQL merge at startup, businessPrompt=null, ignoreFields=null, defaultRecallFields=null, analyzeSuggestFields=null, analyzeForbidFields=null, syncValueFields=null, columnAliasMap=null), DataAgentModelConfig(name=payments（合并表）, id=t_autoreg_payments, type=table, content=payments, remark=Auto-registered from MySQL merge at startup, businessPrompt=null, ignoreFields=null, defaultRecallFields=null, analyzeSuggestFields=null, analyzeForbidFields=null, syncValueFields=null, columnAliasMap=null), DataAgentModelConfig(name=progress（合并表）, id=t_autoreg_progress, type=table, content=progress, remark=Auto-registered from MySQL merge at startup, businessPrompt=null, ignoreFields=null, defaultRecallFields=null, analyzeSuggestFields=null, analyzeForbidFields=null, syncValueFields=null, columnAliasMap=null), DataAgentModelConfig(name=students（合并表）, id=t_autoreg_students, type=table, content=students, remark=Auto-registered from MySQL merge at startup, businessPrompt=null, ignoreFields=null, defaultRecallFields=null, analyzeSuggestFields=null, analyzeForbidFields=null, syncValueFields=null, columnAliasMap=null)], qdrantConfig=QdrantConfig(enable=false, host=127.0.0.1, port=443, apiKey=key, embeddingUrl=http://xxxx.local), dbConfig=DbConfig(type=h2, host=, port=0, schema=genie, username=sa, password=, key=genie-datasource), esConfig=EsConfig(enable=false, host=127.0.0.1:40000, user=user, password=pwd))
[2m2025-10-16T10:33:18.466+08:00[0;39m [32m INFO[0;39m [35m48042[0;39m [2m---[0;39m [2m[genie-backend] [           main][0;39m [2m[0;39m[36mc.j.g.d.j.c.JdbcConnectionPools         [0;39m [2m:[0;39m JdbcConnectionPools 初始化完成
[2m2025-10-16T10:33:18.466+08:00[0;39m [32m INFO[0;39m [35m48042[0;39m [2m---[0;39m [2m[genie-backend] [           main][0;39m [2m[0;39m[36mc.j.g.d.j.c.JdbcConnectionPools         [0;39m [2m:[0;39m 连接池需要刷新或创建，poolId: genie-datasource
[2m2025-10-16T10:33:18.469+08:00[0;39m [32m INFO[0;39m [35m48042[0;39m [2m---[0;39m [2m[genie-backend] [           main][0;39m [2m[0;39m[36mcom.zaxxer.hikari.HikariDataSource      [0;39m [2m:[0;39m dataAgent-connection-pool-genie-datasource - Starting...
[2m2025-10-16T10:33:18.473+08:00[0;39m [32m INFO[0;39m [35m48042[0;39m [2m---[0;39m [2m[genie-backend] [           main][0;39m [2m[0;39m[36mcom.zaxxer.hikari.HikariDataSource      [0;39m [2m:[0;39m dataAgent-connection-pool-genie-datasource - Start completed.
[2m2025-10-16T10:33:18.473+08:00[0;39m [32m INFO[0;39m [35m48042[0;39m [2m---[0;39m [2m[genie-backend] [           main][0;39m [2m[0;39m[36mc.j.g.d.j.c.JdbcConnectionPools         [0;39m [2m:[0;39m 数据源刷新完成 poolId genie-datasource
[2m2025-10-16T10:33:18.473+08:00[0;39m [32m INFO[0;39m [35m48042[0;39m [2m---[0;39m [2m[genie-backend] [           main][0;39m [2m[0;39m[36mc.j.g.d.j.connection.ConnectionWrapper  [0;39m [2m:[0;39m 获取数据库链接成功 poolId:genie-datasource
[2m2025-10-16T10:33:18.475+08:00[0;39m [32m INFO[0;39m [35m48042[0;39m [2m---[0;39m [2m[genie-backend] [           main][0;39m [2m[0;39m[36mc.j.g.d.j.c.JdbcConnectionPools         [0;39m [2m:[0;39m 从缓存获取连接池 poolId genie-datasource
[2m2025-10-16T10:33:18.475+08:00[0;39m [32m INFO[0;39m [35m48042[0;39m [2m---[0;39m [2m[genie-backend] [           main][0;39m [2m[0;39m[36mc.j.g.d.provider.jdbc.JdbcDataProvider  [0;39m [2m:[0;39m jdbc执行sql:SELECT * FROM sales_data LIMIT 10000
[2m2025-10-16T10:33:18.475+08:00[0;39m [32m INFO[0;39m [35m48042[0;39m [2m---[0;39m [2m[genie-backend] [           main][0;39m [2m[0;39m[36mc.j.g.d.j.connection.ConnectionWrapper  [0;39m [2m:[0;39m 获取数据库链接成功 poolId:genie-datasource
[2m2025-10-16T10:33:18.550+08:00[0;39m [32m INFO[0;39m [35m48042[0;39m [2m---[0;39m [2m[genie-backend] [           main][0;39m [2m[0;39m[36mc.jd.genie.service.ChatModelInfoService [0;39m [2m:[0;39m model info save success:t_qtpbgamccmrctthlurauclckq
[2m2025-10-16T10:33:18.551+08:00[0;39m [32m INFO[0;39m [35m48042[0;39m [2m---[0;39m [2m[genie-backend] [           main][0;39m [2m[0;39m[36mc.jd.genie.service.ChatModelInfoService [0;39m [2m:[0;39m model schema save success t_qtpbgamccmrctthlurauclckq,size:0
[2m2025-10-16T10:33:18.551+08:00[0;39m [32m INFO[0;39m [35m48042[0;39m [2m---[0;39m [2m[genie-backend] [           main][0;39m [2m[0;39m[36mc.j.g.d.j.c.JdbcConnectionPools         [0;39m [2m:[0;39m 从缓存获取连接池 poolId genie-datasource
[2m2025-10-16T10:33:18.551+08:00[0;39m [32m INFO[0;39m [35m48042[0;39m [2m---[0;39m [2m[genie-backend] [           main][0;39m [2m[0;39m[36mc.j.g.d.p.jdbc.JdbcDataMetaProvider     [0;39m [2m:[0;39m jdbc meta 执行sql:select  `order_date` as `采购日期`,product_id as `商品ID`,product_name as `商品名称`,category as `商品类型`,sub_category as `商品子类型` , quantity as `采购量` , sales as `采购总价格` from sales_data
[2m2025-10-16T10:33:18.551+08:00[0;39m [32m INFO[0;39m [35m48042[0;39m [2m---[0;39m [2m[genie-backend] [           main][0;39m [2m[0;39m[36mc.j.g.d.j.connection.ConnectionWrapper  [0;39m [2m:[0;39m 获取数据库链接成功 poolId:genie-datasource
[2m2025-10-16T10:33:18.552+08:00[0;39m [32m INFO[0;39m [35m48042[0;39m [2m---[0;39m [2m[genie-backend] [           main][0;39m [2m[0;39m[36mc.j.g.d.j.c.JdbcConnectionPools         [0;39m [2m:[0;39m 从缓存获取连接池 poolId genie-datasource
[2m2025-10-16T10:33:18.552+08:00[0;39m [32m INFO[0;39m [35m48042[0;39m [2m---[0;39m [2m[genie-backend] [           main][0;39m [2m[0;39m[36mc.j.g.d.provider.jdbc.JdbcDataProvider  [0;39m [2m:[0;39m jdbc执行sql:select  `order_date` as `采购日期`,product_id as `商品ID`,product_name as `商品名称`,category as `商品类型`,sub_category as `商品子类型` , quantity as `采购量` , sales as `采购总价格` from sales_data LIMIT 10000
[2m2025-10-16T10:33:18.552+08:00[0;39m [32m INFO[0;39m [35m48042[0;39m [2m---[0;39m [2m[genie-backend] [           main][0;39m [2m[0;39m[36mc.j.g.d.j.connection.ConnectionWrapper  [0;39m [2m:[0;39m 获取数据库链接成功 poolId:genie-datasource
[2m2025-10-16T10:33:18.573+08:00[0;39m [32m INFO[0;39m [35m48042[0;39m [2m---[0;39m [2m[genie-backend] [           main][0;39m [2m[0;39m[36mc.jd.genie.service.ChatModelInfoService [0;39m [2m:[0;39m model info save success:t_uegarulwipfivhutcvyawaoex
[2m2025-10-16T10:33:18.574+08:00[0;39m [33m WARN[0;39m [35m48042[0;39m [2m---[0;39m [2m[genie-backend] [           main][0;39m [2m[0;39m[36mc.j.g.service.ChatModelSchemaService    [0;39m [2m:[0;39m SqlSession [org.apache.ibatis.session.defaults.DefaultSqlSession@16024b49] Transaction not enabled
[2m2025-10-16T10:33:18.579+08:00[0;39m [32m INFO[0;39m [35m48042[0;39m [2m---[0;39m [2m[genie-backend] [           main][0;39m [2m[0;39m[36mc.jd.genie.service.ChatModelInfoService [0;39m [2m:[0;39m model schema save success t_uegarulwipfivhutcvyawaoex,size:7
[2m2025-10-16T10:33:18.579+08:00[0;39m [32m INFO[0;39m [35m48042[0;39m [2m---[0;39m [2m[genie-backend] [           main][0;39m [2m[0;39m[36mc.j.g.d.j.c.JdbcConnectionPools         [0;39m [2m:[0;39m 从缓存获取连接池 poolId genie-datasource
[2m2025-10-16T10:33:18.579+08:00[0;39m [32m INFO[0;39m [35m48042[0;39m [2m---[0;39m [2m[genie-backend] [           main][0;39m [2m[0;39m[36mc.j.g.d.j.connection.ConnectionWrapper  [0;39m [2m:[0;39m 获取数据库链接成功 poolId:genie-datasource
[2m2025-10-16T10:33:18.580+08:00[0;39m [32m INFO[0;39m [35m48042[0;39m [2m---[0;39m [2m[genie-backend] [           main][0;39m [2m[0;39m[36mc.j.g.d.j.c.JdbcConnectionPools         [0;39m [2m:[0;39m 从缓存获取连接池 poolId genie-datasource
[2m2025-10-16T10:33:18.580+08:00[0;39m [32m INFO[0;39m [35m48042[0;39m [2m---[0;39m [2m[genie-backend] [           main][0;39m [2m[0;39m[36mc.j.g.d.provider.jdbc.JdbcDataProvider  [0;39m [2m:[0;39m jdbc执行sql:SELECT * FROM courses LIMIT 10000
[2m2025-10-16T10:33:18.580+08:00[0;39m [32m INFO[0;39m [35m48042[0;39m [2m---[0;39m [2m[genie-backend] [           main][0;39m [2m[0;39m[36mc.j.g.d.j.connection.ConnectionWrapper  [0;39m [2m:[0;39m 获取数据库链接成功 poolId:genie-datasource
[2m2025-10-16T10:33:18.581+08:00[0;39m [32m INFO[0;39m [35m48042[0;39m [2m---[0;39m [2m[genie-backend] [           main][0;39m [2m[0;39m[36mc.jd.genie.service.ChatModelInfoService [0;39m [2m:[0;39m model info save success:t_autoreg_courses
[2m2025-10-16T10:33:18.581+08:00[0;39m [32m INFO[0;39m [35m48042[0;39m [2m---[0;39m [2m[genie-backend] [           main][0;39m [2m[0;39m[36mc.jd.genie.service.ChatModelInfoService [0;39m [2m:[0;39m model schema save success t_autoreg_courses,size:0
[2m2025-10-16T10:33:18.581+08:00[0;39m [32m INFO[0;39m [35m48042[0;39m [2m---[0;39m [2m[genie-backend] [           main][0;39m [2m[0;39m[36mc.j.g.d.j.c.JdbcConnectionPools         [0;39m [2m:[0;39m 从缓存获取连接池 poolId genie-datasource
[2m2025-10-16T10:33:18.581+08:00[0;39m [32m INFO[0;39m [35m48042[0;39m [2m---[0;39m [2m[genie-backend] [           main][0;39m [2m[0;39m[36mc.j.g.d.j.connection.ConnectionWrapper  [0;39m [2m:[0;39m 获取数据库链接成功 poolId:genie-datasource
[2m2025-10-16T10:33:18.581+08:00[0;39m [32m INFO[0;39m [35m48042[0;39m [2m---[0;39m [2m[genie-backend] [           main][0;39m [2m[0;39m[36mc.j.g.d.j.c.JdbcConnectionPools         [0;39m [2m:[0;39m 从缓存获取连接池 poolId genie-datasource
[2m2025-10-16T10:33:18.581+08:00[0;39m [32m INFO[0;39m [35m48042[0;39m [2m---[0;39m [2m[genie-backend] [           main][0;39m [2m[0;39m[36mc.j.g.d.provider.jdbc.JdbcDataProvider  [0;39m [2m:[0;39m jdbc执行sql:SELECT * FROM enrollments LIMIT 10000
[2m2025-10-16T10:33:18.581+08:00[0;39m [32m INFO[0;39m [35m48042[0;39m [2m---[0;39m [2m[genie-backend] [           main][0;39m [2m[0;39m[36mc.j.g.d.j.connection.ConnectionWrapper  [0;39m [2m:[0;39m 获取数据库链接成功 poolId:genie-datasource
[2m2025-10-16T10:33:18.582+08:00[0;39m [32m INFO[0;39m [35m48042[0;39m [2m---[0;39m [2m[genie-backend] [           main][0;39m [2m[0;39m[36mc.jd.genie.service.ChatModelInfoService [0;39m [2m:[0;39m model info save success:t_autoreg_enrollments
[2m2025-10-16T10:33:18.582+08:00[0;39m [32m INFO[0;39m [35m48042[0;39m [2m---[0;39m [2m[genie-backend] [           main][0;39m [2m[0;39m[36mc.jd.genie.service.ChatModelInfoService [0;39m [2m:[0;39m model schema save success t_autoreg_enrollments,size:0
[2m2025-10-16T10:33:18.582+08:00[0;39m [32m INFO[0;39m [35m48042[0;39m [2m---[0;39m [2m[genie-backend] [           main][0;39m [2m[0;39m[36mc.j.g.d.j.c.JdbcConnectionPools         [0;39m [2m:[0;39m 从缓存获取连接池 poolId genie-datasource
[2m2025-10-16T10:33:18.582+08:00[0;39m [32m INFO[0;39m [35m48042[0;39m [2m---[0;39m [2m[genie-backend] [           main][0;39m [2m[0;39m[36mc.j.g.d.j.connection.ConnectionWrapper  [0;39m [2m:[0;39m 获取数据库链接成功 poolId:genie-datasource
[2m2025-10-16T10:33:18.582+08:00[0;39m [32m INFO[0;39m [35m48042[0;39m [2m---[0;39m [2m[genie-backend] [           main][0;39m [2m[0;39m[36mc.j.g.d.j.c.JdbcConnectionPools         [0;39m [2m:[0;39m 从缓存获取连接池 poolId genie-datasource
[2m2025-10-16T10:33:18.582+08:00[0;39m [32m INFO[0;39m [35m48042[0;39m [2m---[0;39m [2m[genie-backend] [           main][0;39m [2m[0;39m[36mc.j.g.d.provider.jdbc.JdbcDataProvider  [0;39m [2m:[0;39m jdbc执行sql:SELECT * FROM instructors LIMIT 10000
[2m2025-10-16T10:33:18.582+08:00[0;39m [32m INFO[0;39m [35m48042[0;39m [2m---[0;39m [2m[genie-backend] [           main][0;39m [2m[0;39m[36mc.j.g.d.j.connection.ConnectionWrapper  [0;39m [2m:[0;39m 获取数据库链接成功 poolId:genie-datasource
[2m2025-10-16T10:33:18.583+08:00[0;39m [32m INFO[0;39m [35m48042[0;39m [2m---[0;39m [2m[genie-backend] [           main][0;39m [2m[0;39m[36mc.jd.genie.service.ChatModelInfoService [0;39m [2m:[0;39m model info save success:t_autoreg_instructors
[2m2025-10-16T10:33:18.583+08:00[0;39m [32m INFO[0;39m [35m48042[0;39m [2m---[0;39m [2m[genie-backend] [           main][0;39m [2m[0;39m[36mc.jd.genie.service.ChatModelInfoService [0;39m [2m:[0;39m model schema save success t_autoreg_instructors,size:0
[2m2025-10-16T10:33:18.583+08:00[0;39m [32m INFO[0;39m [35m48042[0;39m [2m---[0;39m [2m[genie-backend] [           main][0;39m [2m[0;39m[36mc.j.g.d.j.c.JdbcConnectionPools         [0;39m [2m:[0;39m 从缓存获取连接池 poolId genie-datasource
[2m2025-10-16T10:33:18.583+08:00[0;39m [32m INFO[0;39m [35m48042[0;39m [2m---[0;39m [2m[genie-backend] [           main][0;39m [2m[0;39m[36mc.j.g.d.j.connection.ConnectionWrapper  [0;39m [2m:[0;39m 获取数据库链接成功 poolId:genie-datasource
[2m2025-10-16T10:33:18.583+08:00[0;39m [32m INFO[0;39m [35m48042[0;39m [2m---[0;39m [2m[genie-backend] [           main][0;39m [2m[0;39m[36mc.j.g.d.j.c.JdbcConnectionPools         [0;39m [2m:[0;39m 从缓存获取连接池 poolId genie-datasource
[2m2025-10-16T10:33:18.583+08:00[0;39m [32m INFO[0;39m [35m48042[0;39m [2m---[0;39m [2m[genie-backend] [           main][0;39m [2m[0;39m[36mc.j.g.d.provider.jdbc.JdbcDataProvider  [0;39m [2m:[0;39m jdbc执行sql:SELECT * FROM lessons LIMIT 10000
[2m2025-10-16T10:33:18.583+08:00[0;39m [32m INFO[0;39m [35m48042[0;39m [2m---[0;39m [2m[genie-backend] [           main][0;39m [2m[0;39m[36mc.j.g.d.j.connection.ConnectionWrapper  [0;39m [2m:[0;39m 获取数据库链接成功 poolId:genie-datasource
[2m2025-10-16T10:33:18.584+08:00[0;39m [32m INFO[0;39m [35m48042[0;39m [2m---[0;39m [2m[genie-backend] [           main][0;39m [2m[0;39m[36mc.jd.genie.service.ChatModelInfoService [0;39m [2m:[0;39m model info save success:t_autoreg_lessons
[2m2025-10-16T10:33:18.584+08:00[0;39m [32m INFO[0;39m [35m48042[0;39m [2m---[0;39m [2m[genie-backend] [           main][0;39m [2m[0;39m[36mc.jd.genie.service.ChatModelInfoService [0;39m [2m:[0;39m model schema save success t_autoreg_lessons,size:0
[2m2025-10-16T10:33:18.584+08:00[0;39m [32m INFO[0;39m [35m48042[0;39m [2m---[0;39m [2m[genie-backend] [           main][0;39m [2m[0;39m[36mc.j.g.d.j.c.JdbcConnectionPools         [0;39m [2m:[0;39m 从缓存获取连接池 poolId genie-datasource
[2m2025-10-16T10:33:18.584+08:00[0;39m [32m INFO[0;39m [35m48042[0;39m [2m---[0;39m [2m[genie-backend] [           main][0;39m [2m[0;39m[36mc.j.g.d.j.connection.ConnectionWrapper  [0;39m [2m:[0;39m 获取数据库链接成功 poolId:genie-datasource
[2m2025-10-16T10:33:18.584+08:00[0;39m [32m INFO[0;39m [35m48042[0;39m [2m---[0;39m [2m[genie-backend] [           main][0;39m [2m[0;39m[36mc.j.g.d.j.c.JdbcConnectionPools         [0;39m [2m:[0;39m 从缓存获取连接池 poolId genie-datasource
[2m2025-10-16T10:33:18.584+08:00[0;39m [32m INFO[0;39m [35m48042[0;39m [2m---[0;39m [2m[genie-backend] [           main][0;39m [2m[0;39m[36mc.j.g.d.provider.jdbc.JdbcDataProvider  [0;39m [2m:[0;39m jdbc执行sql:SELECT * FROM payments LIMIT 10000
[2m2025-10-16T10:33:18.584+08:00[0;39m [32m INFO[0;39m [35m48042[0;39m [2m---[0;39m [2m[genie-backend] [           main][0;39m [2m[0;39m[36mc.j.g.d.j.connection.ConnectionWrapper  [0;39m [2m:[0;39m 获取数据库链接成功 poolId:genie-datasource
[2m2025-10-16T10:33:18.585+08:00[0;39m [32m INFO[0;39m [35m48042[0;39m [2m---[0;39m [2m[genie-backend] [           main][0;39m [2m[0;39m[36mc.jd.genie.service.ChatModelInfoService [0;39m [2m:[0;39m model info save success:t_autoreg_payments
[2m2025-10-16T10:33:18.585+08:00[0;39m [32m INFO[0;39m [35m48042[0;39m [2m---[0;39m [2m[genie-backend] [           main][0;39m [2m[0;39m[36mc.jd.genie.service.ChatModelInfoService [0;39m [2m:[0;39m model schema save success t_autoreg_payments,size:0
[2m2025-10-16T10:33:18.585+08:00[0;39m [32m INFO[0;39m [35m48042[0;39m [2m---[0;39m [2m[genie-backend] [           main][0;39m [2m[0;39m[36mc.j.g.d.j.c.JdbcConnectionPools         [0;39m [2m:[0;39m 从缓存获取连接池 poolId genie-datasource
[2m2025-10-16T10:33:18.585+08:00[0;39m [32m INFO[0;39m [35m48042[0;39m [2m---[0;39m [2m[genie-backend] [           main][0;39m [2m[0;39m[36mc.j.g.d.j.connection.ConnectionWrapper  [0;39m [2m:[0;39m 获取数据库链接成功 poolId:genie-datasource
[2m2025-10-16T10:33:18.585+08:00[0;39m [32m INFO[0;39m [35m48042[0;39m [2m---[0;39m [2m[genie-backend] [           main][0;39m [2m[0;39m[36mc.j.g.d.j.c.JdbcConnectionPools         [0;39m [2m:[0;39m 从缓存获取连接池 poolId genie-datasource
[2m2025-10-16T10:33:18.585+08:00[0;39m [32m INFO[0;39m [35m48042[0;39m [2m---[0;39m [2m[genie-backend] [           main][0;39m [2m[0;39m[36mc.j.g.d.provider.jdbc.JdbcDataProvider  [0;39m [2m:[0;39m jdbc执行sql:SELECT * FROM progress LIMIT 10000
[2m2025-10-16T10:33:18.585+08:00[0;39m [32m INFO[0;39m [35m48042[0;39m [2m---[0;39m [2m[genie-backend] [           main][0;39m [2m[0;39m[36mc.j.g.d.j.connection.ConnectionWrapper  [0;39m [2m:[0;39m 获取数据库链接成功 poolId:genie-datasource
[2m2025-10-16T10:33:18.586+08:00[0;39m [32m INFO[0;39m [35m48042[0;39m [2m---[0;39m [2m[genie-backend] [           main][0;39m [2m[0;39m[36mc.jd.genie.service.ChatModelInfoService [0;39m [2m:[0;39m model info save success:t_autoreg_progress
[2m2025-10-16T10:33:18.586+08:00[0;39m [32m INFO[0;39m [35m48042[0;39m [2m---[0;39m [2m[genie-backend] [           main][0;39m [2m[0;39m[36mc.jd.genie.service.ChatModelInfoService [0;39m [2m:[0;39m model schema save success t_autoreg_progress,size:0
[2m2025-10-16T10:33:18.586+08:00[0;39m [32m INFO[0;39m [35m48042[0;39m [2m---[0;39m [2m[genie-backend] [           main][0;39m [2m[0;39m[36mc.j.g.d.j.c.JdbcConnectionPools         [0;39m [2m:[0;39m 从缓存获取连接池 poolId genie-datasource
[2m2025-10-16T10:33:18.586+08:00[0;39m [32m INFO[0;39m [35m48042[0;39m [2m---[0;39m [2m[genie-backend] [           main][0;39m [2m[0;39m[36mc.j.g.d.j.connection.ConnectionWrapper  [0;39m [2m:[0;39m 获取数据库链接成功 poolId:genie-datasource
[2m2025-10-16T10:33:18.586+08:00[0;39m [32m INFO[0;39m [35m48042[0;39m [2m---[0;39m [2m[genie-backend] [           main][0;39m [2m[0;39m[36mc.j.g.d.j.c.JdbcConnectionPools         [0;39m [2m:[0;39m 从缓存获取连接池 poolId genie-datasource
[2m2025-10-16T10:33:18.586+08:00[0;39m [32m INFO[0;39m [35m48042[0;39m [2m---[0;39m [2m[genie-backend] [           main][0;39m [2m[0;39m[36mc.j.g.d.provider.jdbc.JdbcDataProvider  [0;39m [2m:[0;39m jdbc执行sql:SELECT * FROM students LIMIT 10000
[2m2025-10-16T10:33:18.586+08:00[0;39m [32m INFO[0;39m [35m48042[0;39m [2m---[0;39m [2m[genie-backend] [           main][0;39m [2m[0;39m[36mc.j.g.d.j.connection.ConnectionWrapper  [0;39m [2m:[0;39m 获取数据库链接成功 poolId:genie-datasource
[2m2025-10-16T10:33:18.587+08:00[0;39m [32m INFO[0;39m [35m48042[0;39m [2m---[0;39m [2m[genie-backend] [           main][0;39m [2m[0;39m[36mc.jd.genie.service.ChatModelInfoService [0;39m [2m:[0;39m model info save success:t_autoreg_students
[2m2025-10-16T10:33:18.587+08:00[0;39m [32m INFO[0;39m [35m48042[0;39m [2m---[0;39m [2m[genie-backend] [           main][0;39m [2m[0;39m[36mc.jd.genie.service.ChatModelInfoService [0;39m [2m:[0;39m model schema save success t_autoreg_students,size:0
[2m2025-10-16T10:33:24.755+08:00[0;39m [32m INFO[0;39m [35m48042[0;39m [2m---[0;39m [2m[genie-backend] [nio-8080-exec-1][0;39m [2m[0;39m[36mo.a.c.c.C.[Tomcat].[localhost].[/]      [0;39m [2m:[0;39m Initializing Spring DispatcherServlet 'dispatcherServlet'
[2m2025-10-16T10:33:24.755+08:00[0;39m [32m INFO[0;39m [35m48042[0;39m [2m---[0;39m [2m[genie-backend] [nio-8080-exec-1][0;39m [2m[0;39m[36mo.s.web.servlet.DispatcherServlet       [0;39m [2m:[0;39m Initializing Servlet 'dispatcherServlet'
[2m2025-10-16T10:33:24.756+08:00[0;39m [32m INFO[0;39m [35m48042[0;39m [2m---[0;39m [2m[genie-backend] [nio-8080-exec-1][0;39m [2m[0;39m[36mo.s.web.servlet.DispatcherServlet       [0;39m [2m:[0;39m Completed initialization in 1 ms
[2m2025-10-16T10:33:27.306+08:00[0;39m [32m INFO[0;39m [35m48042[0;39m [2m---[0;39m [2m[genie-backend] [nio-8080-exec-2][0;39m [2m[0;39m[36mc.j.g.d.j.c.JdbcConnectionPools         [0;39m [2m:[0;39m 从缓存获取连接池 poolId genie-datasource
[2m2025-10-16T10:33:27.306+08:00[0;39m [32m INFO[0;39m [35m48042[0;39m [2m---[0;39m [2m[genie-backend] [nio-8080-exec-2][0;39m [2m[0;39m[36mc.j.g.d.provider.jdbc.JdbcDataProvider  [0;39m [2m:[0;39m jdbc执行sql:SELECT * FROM courses LIMIT 100
[2m2025-10-16T10:33:27.307+08:00[0;39m [32m INFO[0;39m [35m48042[0;39m [2m---[0;39m [2m[genie-backend] [nio-8080-exec-2][0;39m [2m[0;39m[36mc.j.g.d.j.connection.ConnectionWrapper  [0;39m [2m:[0;39m 获取数据库链接成功 poolId:genie-datasource
